2026-06-07 15:19:20,552 - INFO - NAC Fair: method=nac momentum=0.0
2026-06-07 15:19:20,553 - INFO - Namespace(evaluate=True, batch_size=32, num_workers=2, cache='./cache', test_set=['cifar10'], test_attack_type='pgd', test_eps=0.01568627450980392, test_numsteps=10, test_stepsize=0.00392156862745098, model='clip', arch='vit_b32', method='null_patch', name='', prompt_size=30, add_prompt_size=0, root='F:/code/data', dataset='tinyImageNet', image_size=224, seed=0, victim_resume=None, outdir='./results/mu_scan', tau_thres=0.2, beta=2.0, ttc_eps=4.0, ttc_numsteps=5, ttc_stepsize=1.0, counterattack='nac', nac_momentum=0.0, DOC_eps=4.0, DOC_numsteps=2, DOC_stepsize=1.0, learnable_tau=0.155, temperature=75.0)
2026-06-07 15:19:22,998 - INFO - Counterattack: nac_m0.0 | Attack: pgd
2026-06-07 15:19:22,998 - INFO - tau_thres=0.2 beta=2.0
2026-06-07 15:31:06,303 - INFO - cifar10: clean=84.89 | adv=0.00 | adv+nac_m0.0=28.19 | gain=28.19
2026-06-07 15:31:06,304 - INFO - SUMMARY: avg adv=0.00 | avg def=28.19 | avg gain=28.19
2026-06-07 16:00:09,691 - INFO - NAC Fair: method=nac momentum=0.0
2026-06-07 16:00:09,715 - INFO - Namespace(evaluate=True, batch_size=32, num_workers=2, cache='./cache', test_set=['cifar10'], test_attack_type='pgd', test_eps=0.01568627450980392, test_numsteps=10, test_stepsize=0.00392156862745098, model='clip', arch='vit_b32', method='null_patch', name='', prompt_size=30, add_prompt_size=0, root='F:/code/data', dataset='tinyImageNet', image_size=224, seed=0, victim_resume=None, outdir='./results/mu_scan', tau_thres=0.2, beta=2.0, ttc_eps=4.0, ttc_numsteps=5, ttc_stepsize=1.0, counterattack='nac', nac_momentum=0.0, DOC_eps=4.0, DOC_numsteps=2, DOC_stepsize=1.0, learnable_tau=0.155, temperature=75.0)
2026-06-07 16:00:11,897 - INFO - Counterattack: nac_m0.0 | Attack: pgd
2026-06-07 16:00:11,897 - INFO - tau_thres=0.2 beta=2.0
2026-06-07 16:14:29,953 - INFO - cifar10: clean=84.89 | adv=0.00 | adv+nac_m0.0=28.19 | gain=28.19
2026-06-07 16:14:29,954 - INFO - SUMMARY: avg adv=0.00 | avg def=28.19 | avg gain=28.19
2026-06-07 16:54:58,291 - INFO - NAC Fair: method=nac momentum=0.0
2026-06-07 16:54:58,291 - INFO - Namespace(evaluate=True, batch_size=32, num_workers=2, cache='./cache', test_set=['cifar10'], test_attack_type='pgd', test_eps=0.01568627450980392, test_numsteps=5, test_stepsize=0.00392156862745098, model='clip', arch='vit_b32', method='null_patch', name='', prompt_size=30, add_prompt_size=0, root='F:/code/data', dataset='tinyImageNet', image_size=224, seed=0, victim_resume=None, outdir='./results/mu_scan', tau_thres=0.2, beta=2.0, ttc_eps=4.0, ttc_numsteps=2, ttc_stepsize=1.0, counterattack='nac', nac_momentum=0.0, DOC_eps=4.0, DOC_numsteps=2, DOC_stepsize=1.0, learnable_tau=0.155, temperature=75.0)
2026-06-07 16:54:59,915 - INFO - Counterattack: nac_m0.0 | Attack: pgd
2026-06-07 16:54:59,916 - INFO - tau_thres=0.2 beta=2.0
2026-06-07 17:00:44,636 - INFO - cifar10: clean=84.89 | adv=0.02 | adv+nac_m0.0=9.95 | gain=9.93
2026-06-07 17:00:44,637 - INFO - SUMMARY: avg adv=0.02 | avg def=9.95 | avg gain=9.93
2026-06-07 17:12:31,857 - INFO - NAC Fair: method=nac momentum=0.0
2026-06-07 17:12:31,857 - INFO - Namespace(evaluate=True, batch_size=32, num_workers=2, cache='./cache', test_set=['cifar10'], test_attack_type='pgd', test_eps=0.01568627450980392, test_numsteps=10, test_stepsize=0.00392156862745098, model='clip', arch='vit_b32', method='null_patch', name='', prompt_size=30, add_prompt_size=0, root='F:/code/data', dataset='tinyImageNet', image_size=224, seed=0, victim_resume=None, outdir='./results/mu_scan', tau_thres=0.2, beta=2.0, ttc_eps=4.0, ttc_numsteps=2, ttc_stepsize=1.0, counterattack='nac', nac_momentum=0.0, DOC_eps=4.0, DOC_numsteps=2, DOC_stepsize=1.0, learnable_tau=0.155, temperature=75.0)
2026-06-07 17:12:33,518 - INFO - Counterattack: nac_m0.0 | Attack: pgd
2026-06-07 17:12:33,519 - INFO - tau_thres=0.2 beta=2.0
2026-06-07 17:20:46,688 - INFO - cifar10: clean=84.89 | adv=0.00 | adv+nac_m0.0=7.07 | gain=7.07
2026-06-07 17:20:46,689 - INFO - SUMMARY: avg adv=0.00 | avg def=7.07 | avg gain=7.07
