2026-06-01 00:50:28,042 - INFO - NAC Fair: method=nac momentum=0.9
2026-06-01 00:50:28,042 - INFO - Namespace(evaluate=True, batch_size=32, num_workers=2, cache='./cache', test_set=['cifar10', 'STL10'], test_attack_type='pgd', test_eps=0.01568627450980392, test_numsteps=10, test_stepsize=0.00392156862745098, model='clip', arch='vit_b32', method='null_patch', name='', prompt_size=30, add_prompt_size=0, root='F:/code/data', dataset='tinyImageNet', image_size=224, seed=0, victim_resume=None, outdir='F:/code/nac_project/results/final', tau_thres=0.2, beta=2.0, ttc_eps=4.0, ttc_numsteps=2, ttc_stepsize=1.0, counterattack='nac', nac_momentum=0.9)
2026-06-01 00:50:30,772 - INFO - Counterattack: nac_m0.9 | Attack: pgd
2026-06-01 00:50:30,772 - INFO - tau_thres=0.2 beta=2.0
2026-06-01 01:11:55,005 - INFO - NAC Fair: method=nac momentum=0.9
2026-06-01 01:11:55,005 - INFO - Namespace(evaluate=True, batch_size=32, num_workers=2, cache='./cache', test_set=['cifar10'], test_attack_type='pgd', test_eps=0.01568627450980392, test_numsteps=10, test_stepsize=0.00392156862745098, model='clip', arch='vit_b32', method='null_patch', name='', prompt_size=30, add_prompt_size=0, root='F:/code/data', dataset='tinyImageNet', image_size=224, seed=0, victim_resume=None, outdir='F:/code/nac_project/results/final', tau_thres=0.2, beta=2.0, ttc_eps=4.0, ttc_numsteps=4, ttc_stepsize=1.0, counterattack='nac', nac_momentum=0.9)
2026-06-01 01:11:56,868 - INFO - Counterattack: nac_m0.9 | Attack: pgd
2026-06-01 01:11:56,868 - INFO - tau_thres=0.2 beta=2.0
2026-06-01 01:19:42,799 - INFO - NAC Fair: method=nac momentum=0.9
2026-06-01 01:19:42,799 - INFO - Namespace(evaluate=True, batch_size=32, num_workers=2, cache='./cache', test_set=['cifar10', 'STL10'], test_attack_type='pgd', test_eps=0.01568627450980392, test_numsteps=10, test_stepsize=0.00392156862745098, model='clip', arch='vit_b32', method='null_patch', name='', prompt_size=30, add_prompt_size=0, root='F:/code/data', dataset='tinyImageNet', image_size=224, seed=0, victim_resume=None, outdir='F:/code/nac_project/results/final', tau_thres=0.2, beta=2.0, ttc_eps=4.0, ttc_numsteps=2, ttc_stepsize=1.0, counterattack='nac', nac_momentum=0.9)
2026-06-01 01:19:44,496 - INFO - Counterattack: nac_m0.9 | Attack: pgd
2026-06-01 01:19:44,496 - INFO - tau_thres=0.2 beta=2.0
2026-06-01 01:24:50,898 - INFO - cifar10: clean=84.89 | adv=0.00 | adv+nac_m0.9=16.47 | gain=16.47
2026-06-01 01:34:34,413 - INFO - STL10: clean=96.67 | adv=0.00 | adv+nac_m0.9=34.30 | gain=34.30
2026-06-01 01:34:34,423 - INFO - SUMMARY: avg adv=0.00 | avg def=25.38 | avg gain=25.38
2026-06-01 01:34:38,913 - INFO - NAC Fair: method=nac momentum=0.9
2026-06-01 01:34:38,913 - INFO - Namespace(evaluate=True, batch_size=32, num_workers=2, cache='./cache', test_set=['cifar10', 'STL10'], test_attack_type='pgd', test_eps=0.01568627450980392, test_numsteps=10, test_stepsize=0.00392156862745098, model='clip', arch='vit_b32', method='null_patch', name='', prompt_size=30, add_prompt_size=0, root='F:/code/data', dataset='tinyImageNet', image_size=224, seed=0, victim_resume=None, outdir='F:/code/nac_project/results/final', tau_thres=0.2, beta=2.0, ttc_eps=4.0, ttc_numsteps=4, ttc_stepsize=1.0, counterattack='nac', nac_momentum=0.9)
2026-06-01 01:34:45,053 - INFO - Counterattack: nac_m0.9 | Attack: pgd
2026-06-01 01:34:45,053 - INFO - tau_thres=0.2 beta=2.0
2026-06-01 01:48:06,863 - INFO - cifar10: clean=84.89 | adv=0.00 | adv+nac_m0.9=37.05 | gain=37.05
2026-06-01 01:59:24,293 - INFO - STL10: clean=96.67 | adv=0.00 | adv+nac_m0.9=66.74 | gain=66.74
2026-06-01 01:59:24,293 - INFO - SUMMARY: avg adv=0.00 | avg def=51.89 | avg gain=51.89
