2026-05-30 14:57:34,452 - INFO - NAC Fair: method=ttc momentum=0.9
2026-05-30 14:57:34,452 - INFO - Namespace(evaluate=True, batch_size=32, num_workers=4, cache='./cache', test_set=['cifar10'], test_attack_type='autoattack', test_eps=0.01568627450980392, test_numsteps=10, test_stepsize=0.00392156862745098, model='clip', arch='vit_b32', method='null_patch', name='', prompt_size=30, add_prompt_size=0, root='F:/code/data', dataset='tinyImageNet', image_size=224, seed=0, victim_resume=None, outdir='F:/code/nac_project/results/aa', tau_thres=0.2, beta=2.0, ttc_eps=4.0, ttc_numsteps=2, ttc_stepsize=1.0, counterattack='ttc', nac_momentum=0.9)
2026-05-30 14:57:36,111 - INFO - Counterattack: ttc_original | Attack: autoattack
2026-05-30 14:57:36,117 - INFO - tau_thres=0.2 beta=2.0
2026-05-30 15:00:10,080 - INFO - NAC Fair: method=ttc momentum=0.9
2026-05-30 15:00:10,080 - INFO - Namespace(evaluate=True, batch_size=16, num_workers=2, cache='./cache', test_set=['cifar10'], test_attack_type='autoattack', test_eps=0.01568627450980392, test_numsteps=10, test_stepsize=0.00392156862745098, model='clip', arch='vit_b32', method='null_patch', name='', prompt_size=30, add_prompt_size=0, root='F:/code/data', dataset='tinyImageNet', image_size=224, seed=0, victim_resume=None, outdir='F:/code/nac_project/results/aa', tau_thres=0.2, beta=2.0, ttc_eps=4.0, ttc_numsteps=2, ttc_stepsize=1.0, counterattack='ttc', nac_momentum=0.9)
2026-05-30 15:00:11,655 - INFO - Counterattack: ttc_original | Attack: autoattack
2026-05-30 15:00:11,655 - INFO - tau_thres=0.2 beta=2.0
2026-05-31 12:45:31,781 - INFO - NAC Fair: method=ttc momentum=0.9
2026-05-31 12:45:31,783 - INFO - Namespace(evaluate=True, batch_size=16, num_workers=2, cache='./cache', test_set=['cifar10', 'STL10'], test_attack_type='autoattack', test_eps=0.01568627450980392, test_numsteps=10, test_stepsize=0.00392156862745098, model='clip', arch='vit_b32', method='null_patch', name='', prompt_size=30, add_prompt_size=0, root='F:/code/data', dataset='tinyImageNet', image_size=224, seed=0, victim_resume=None, outdir='F:/code/nac_project/results/aa', tau_thres=0.2, beta=2.0, ttc_eps=4.0, ttc_numsteps=2, ttc_stepsize=1.0, counterattack='ttc', nac_momentum=0.9)
2026-05-31 12:45:33,439 - INFO - Counterattack: ttc_original | Attack: autoattack
2026-05-31 12:45:33,439 - INFO - tau_thres=0.2 beta=2.0
2026-05-31 14:51:25,047 - INFO - NAC Fair: method=ttc momentum=0.9
2026-05-31 14:51:25,048 - INFO - Namespace(evaluate=True, batch_size=16, num_workers=2, cache='./cache', test_set=['cifar10'], test_attack_type='autoattack', test_eps=0.01568627450980392, test_numsteps=10, test_stepsize=0.00392156862745098, model='clip', arch='vit_b32', method='null_patch', name='', prompt_size=30, add_prompt_size=0, root='F:/code/data', dataset='tinyImageNet', image_size=224, seed=0, victim_resume=None, outdir='F:/code/nac_project/results/aa', tau_thres=0.2, beta=2.0, ttc_eps=4.0, ttc_numsteps=2, ttc_stepsize=1.0, counterattack='ttc', nac_momentum=0.9)
2026-05-31 14:51:31,670 - INFO - Counterattack: ttc_original | Attack: autoattack
2026-05-31 14:51:31,671 - INFO - tau_thres=0.2 beta=2.0
2026-05-31 18:46:24,352 - INFO - NAC Fair: method=ttc momentum=0.9
2026-05-31 18:46:24,360 - INFO - Namespace(evaluate=True, batch_size=16, num_workers=2, cache='./cache', test_set=['cifar10'], test_attack_type='autoattack', test_eps=0.01568627450980392, test_numsteps=10, test_stepsize=0.00392156862745098, model='clip', arch='vit_b32', method='null_patch', name='', prompt_size=30, add_prompt_size=0, root='F:/code/data', dataset='tinyImageNet', image_size=224, seed=0, victim_resume=None, outdir='F:/code/nac_project/results/aa', tau_thres=0.2, beta=2.0, ttc_eps=4.0, ttc_numsteps=2, ttc_stepsize=1.0, counterattack='ttc', nac_momentum=0.9)
2026-05-31 18:46:26,169 - INFO - Counterattack: ttc_original | Attack: autoattack
2026-05-31 18:46:26,169 - INFO - tau_thres=0.2 beta=2.0
2026-05-31 21:38:17,696 - INFO - cifar10: clean=84.90 | adv=0.05 | adv+ttc_original=7.59 | gain=7.54
2026-05-31 21:38:17,701 - INFO - SUMMARY: avg adv=0.05 | avg def=7.59 | avg gain=7.54
2026-06-01 04:20:53,080 - INFO - NAC Fair: method=ttc momentum=0.9
2026-06-01 04:20:53,080 - INFO - Namespace(evaluate=True, batch_size=16, num_workers=2, cache='./cache', test_set=['cifar10'], test_attack_type='autoattack', test_eps=0.01568627450980392, test_numsteps=10, test_stepsize=0.00392156862745098, model='clip', arch='vit_b32', method='null_patch', name='', prompt_size=30, add_prompt_size=0, root='F:/code/data', dataset='tinyImageNet', image_size=224, seed=0, victim_resume=None, outdir='F:/code/nac_project/results/aa', tau_thres=0.2, beta=2.0, ttc_eps=4.0, ttc_numsteps=2, ttc_stepsize=1.0, counterattack='ttc', nac_momentum=0.9)
2026-06-01 04:20:56,475 - INFO - Counterattack: ttc_original | Attack: autoattack
2026-06-01 04:20:56,475 - INFO - tau_thres=0.2 beta=2.0
2026-06-01 04:22:01,687 - INFO - NAC Fair: method=ttc momentum=0.9
2026-06-01 04:22:01,687 - INFO - Namespace(evaluate=True, batch_size=16, num_workers=2, cache='./cache', test_set=['cifar10'], test_attack_type='autoattack', test_eps=0.01568627450980392, test_numsteps=10, test_stepsize=0.00392156862745098, model='clip', arch='vit_b32', method='null_patch', name='', prompt_size=30, add_prompt_size=0, root='F:/code/data', dataset='tinyImageNet', image_size=224, seed=0, victim_resume=None, outdir='F:/code/nac_project/results/aa', tau_thres=0.2, beta=2.0, ttc_eps=4.0, ttc_numsteps=2, ttc_stepsize=1.0, counterattack='ttc', nac_momentum=0.9)
2026-06-01 04:22:03,467 - INFO - Counterattack: ttc_original | Attack: autoattack
2026-06-01 04:22:03,467 - INFO - tau_thres=0.2 beta=2.0
2026-06-01 04:44:12,474 - INFO - NAC Fair: method=ttc momentum=0.9
2026-06-01 04:44:12,476 - INFO - Namespace(evaluate=True, batch_size=16, num_workers=2, cache='./cache', test_set=['cifar10'], test_attack_type='autoattack', test_eps=0.01568627450980392, test_numsteps=10, test_stepsize=0.00392156862745098, model='clip', arch='vit_b32', method='null_patch', name='', prompt_size=30, add_prompt_size=0, root='F:/code/data', dataset='tinyImageNet', image_size=224, seed=0, victim_resume=None, outdir='F:/code/nac_project/results/aa', tau_thres=0.2, beta=2.0, ttc_eps=4.0, ttc_numsteps=2, ttc_stepsize=1.0, counterattack='ttc', nac_momentum=0.9)
2026-06-01 04:44:14,054 - INFO - Counterattack: ttc_original | Attack: autoattack
2026-06-01 04:44:14,054 - INFO - tau_thres=0.2 beta=2.0
2026-06-01 05:28:19,596 - INFO - cifar10: clean=84.90 | adv=0.05 | adv+ttc_original=7.56 | gain=7.51
2026-06-01 05:28:19,596 - INFO - SUMMARY: avg adv=0.05 | avg def=7.56 | avg gain=7.51
