2026-06-05 21:04:43,800 - INFO - NAC Fair: method=pure_la momentum=0.9
2026-06-05 21:04:43,801 - INFO - Namespace(evaluate=True, batch_size=32, num_workers=2, cache='./cache', test_set=['cifar10'], test_attack_type='pgd', test_eps=0.01568627450980392, test_numsteps=10, test_stepsize=0.00392156862745098, model='clip', arch='vit_b32', method='null_patch', name='', prompt_size=30, add_prompt_size=0, root='F:/code/data', dataset='tinyImageNet', image_size=224, seed=0, victim_resume=None, outdir='./results/ablation', tau_thres=0.2, beta=2.0, ttc_eps=4.0, ttc_numsteps=2, ttc_stepsize=1.0, counterattack='pure_la', nac_momentum=0.9, DOC_eps=4.0, DOC_numsteps=2, DOC_stepsize=1.0, learnable_tau=0.155, temperature=75.0)
2026-06-05 21:04:49,581 - INFO - Counterattack: pure_la | Attack: pgd
2026-06-05 21:04:49,581 - INFO - tau_thres=0.2 beta=2.0
2026-06-05 21:05:44,952 - INFO - NAC Fair: method=pure_la momentum=0.9
2026-06-05 21:05:44,953 - INFO - Namespace(evaluate=True, batch_size=32, num_workers=2, cache='./cache', test_set=['cifar10'], test_attack_type='pgd', test_eps=0.01568627450980392, test_numsteps=10, test_stepsize=0.00392156862745098, model='clip', arch='vit_b32', method='null_patch', name='', prompt_size=30, add_prompt_size=0, root='F:/code/data', dataset='tinyImageNet', image_size=224, seed=0, victim_resume=None, outdir='./results/ablation', tau_thres=0.2, beta=2.0, ttc_eps=4.0, ttc_numsteps=2, ttc_stepsize=1.0, counterattack='pure_la', nac_momentum=0.9, DOC_eps=4.0, DOC_numsteps=2, DOC_stepsize=1.0, learnable_tau=0.155, temperature=75.0)
2026-06-05 21:05:46,693 - INFO - Counterattack: pure_la | Attack: pgd
2026-06-05 21:05:46,694 - INFO - tau_thres=0.2 beta=2.0
2026-06-05 21:06:35,582 - INFO - NAC Fair: method=pure_la momentum=0.9
2026-06-05 21:06:35,582 - INFO - Namespace(evaluate=True, batch_size=32, num_workers=2, cache='./cache', test_set=['cifar10'], test_attack_type='pgd', test_eps=0.01568627450980392, test_numsteps=10, test_stepsize=0.00392156862745098, model='clip', arch='vit_b32', method='null_patch', name='', prompt_size=30, add_prompt_size=0, root='F:/code/data', dataset='tinyImageNet', image_size=224, seed=0, victim_resume=None, outdir='./results/ablation', tau_thres=0.2, beta=2.0, ttc_eps=4.0, ttc_numsteps=2, ttc_stepsize=1.0, counterattack='pure_la', nac_momentum=0.9, DOC_eps=4.0, DOC_numsteps=2, DOC_stepsize=1.0, learnable_tau=0.155, temperature=75.0)
2026-06-05 21:06:41,836 - INFO - Counterattack: pure_la | Attack: pgd
2026-06-05 21:06:41,837 - INFO - tau_thres=0.2 beta=2.0
2026-06-05 21:07:31,148 - INFO - NAC Fair: method=pure_la momentum=0.9
2026-06-05 21:07:31,148 - INFO - Namespace(evaluate=True, batch_size=32, num_workers=2, cache='./cache', test_set=['cifar10'], test_attack_type='pgd', test_eps=0.01568627450980392, test_numsteps=10, test_stepsize=0.00392156862745098, model='clip', arch='vit_b32', method='null_patch', name='', prompt_size=30, add_prompt_size=0, root='F:/code/data', dataset='tinyImageNet', image_size=224, seed=0, victim_resume=None, outdir='./results/ablation', tau_thres=0.2, beta=2.0, ttc_eps=4.0, ttc_numsteps=2, ttc_stepsize=1.0, counterattack='pure_la', nac_momentum=0.9, DOC_eps=4.0, DOC_numsteps=2, DOC_stepsize=1.0, learnable_tau=0.155, temperature=75.0)
2026-06-05 21:07:37,160 - INFO - Counterattack: pure_la | Attack: pgd
2026-06-05 21:07:37,160 - INFO - tau_thres=0.2 beta=2.0
2026-06-05 21:08:31,973 - INFO - NAC Fair: method=pure_la momentum=0.9
2026-06-05 21:08:31,973 - INFO - Namespace(evaluate=True, batch_size=32, num_workers=2, cache='./cache', test_set=['cifar10'], test_attack_type='pgd', test_eps=0.01568627450980392, test_numsteps=10, test_stepsize=0.00392156862745098, model='clip', arch='vit_b32', method='null_patch', name='', prompt_size=30, add_prompt_size=0, root='F:/code/data', dataset='tinyImageNet', image_size=224, seed=0, victim_resume=None, outdir='./results/ablation', tau_thres=0.2, beta=2.0, ttc_eps=4.0, ttc_numsteps=2, ttc_stepsize=1.0, counterattack='pure_la', nac_momentum=0.9, DOC_eps=4.0, DOC_numsteps=2, DOC_stepsize=1.0, learnable_tau=0.155, temperature=75.0)
2026-06-05 21:08:37,907 - INFO - Counterattack: pure_la | Attack: pgd
2026-06-05 21:08:37,908 - INFO - tau_thres=0.2 beta=2.0
2026-06-05 21:20:49,914 - INFO - cifar10: clean=84.89 | adv=0.00 | adv+pure_la=9.64 | gain=9.64
2026-06-05 21:20:49,938 - INFO - SUMMARY: avg adv=0.00 | avg def=9.64 | avg gain=9.64
2026-06-05 22:50:19,208 - INFO - NAC Fair: method=pure_la momentum=0.9
2026-06-05 22:50:19,209 - INFO - Namespace(evaluate=True, batch_size=32, num_workers=2, cache='./cache', test_set=['STL10'], test_attack_type='pgd', test_eps=0.01568627450980392, test_numsteps=10, test_stepsize=0.00392156862745098, model='clip', arch='vit_b32', method='null_patch', name='', prompt_size=30, add_prompt_size=0, root='F:/code/data', dataset='tinyImageNet', image_size=224, seed=0, victim_resume=None, outdir='./results/ablation', tau_thres=0.2, beta=2.0, ttc_eps=4.0, ttc_numsteps=2, ttc_stepsize=1.0, counterattack='pure_la', nac_momentum=0.9, DOC_eps=4.0, DOC_numsteps=2, DOC_stepsize=1.0, learnable_tau=0.155, temperature=75.0)
2026-06-05 22:50:20,947 - INFO - Counterattack: pure_la | Attack: pgd
2026-06-05 22:50:20,947 - INFO - tau_thres=0.2 beta=2.0
2026-06-05 23:00:02,380 - INFO - STL10: clean=96.67 | adv=0.00 | adv+pure_la=22.68 | gain=22.68
2026-06-05 23:00:02,380 - INFO - SUMMARY: avg adv=0.00 | avg def=22.68 | avg gain=22.68
2026-06-05 23:00:22,025 - INFO - NAC Fair: method=pure_la momentum=0.9
2026-06-05 23:00:22,025 - INFO - Namespace(evaluate=True, batch_size=32, num_workers=2, cache='./cache', test_set=['cifar10'], test_attack_type='pgd', test_eps=0.01568627450980392, test_numsteps=10, test_stepsize=0.00392156862745098, model='clip', arch='vit_b32', method='null_patch', name='', prompt_size=30, add_prompt_size=0, root='F:/code/data', dataset='tinyImageNet', image_size=224, seed=0, victim_resume=None, outdir='./results/ablation', tau_thres=0.2, beta=2.0, ttc_eps=4.0, ttc_numsteps=4, ttc_stepsize=1.0, counterattack='pure_la', nac_momentum=0.9, DOC_eps=4.0, DOC_numsteps=2, DOC_stepsize=1.0, learnable_tau=0.155, temperature=75.0)
2026-06-05 23:00:28,137 - INFO - Counterattack: pure_la | Attack: pgd
2026-06-05 23:00:28,137 - INFO - tau_thres=0.2 beta=2.0
2026-06-05 23:12:33,033 - INFO - cifar10: clean=84.89 | adv=0.00 | adv+pure_la=14.54 | gain=14.54
2026-06-05 23:12:33,034 - INFO - SUMMARY: avg adv=0.00 | avg def=14.54 | avg gain=14.54
2026-06-11 11:56:43,493 - INFO - NAC Fair: method=pure_la momentum=0.9
2026-06-11 11:56:43,494 - INFO - Namespace(evaluate=True, batch_size=64, num_workers=2, cache='./cache', test_set=['cifar10'], test_attack_type='pgd', test_eps=0.01568627450980392, test_numsteps=10, test_stepsize=0.00392156862745098, model='clip', arch='vit_b32', method='null_patch', name='', prompt_size=30, add_prompt_size=0, root='F:/code/data', dataset='tinyImageNet', image_size=224, seed=0, victim_resume=None, outdir='./results/ablation', tau_thres=0.2, beta=2.0, ttc_eps=4.0, ttc_numsteps=2, ttc_stepsize=1.0, counterattack='pure_la', nac_momentum=0.9, DOC_eps=4.0, DOC_numsteps=2, DOC_stepsize=1.0, learnable_tau=0.155, temperature=75.0)
2026-06-11 11:56:51,414 - INFO - Counterattack: pure_la | Attack: pgd
2026-06-11 11:56:51,414 - INFO - tau_thres=0.2 beta=2.0
2026-06-11 12:03:04,181 - INFO - cifar10: clean=84.89 | adv=0.00 | adv+pure_la=9.35 | gain=9.35
2026-06-11 12:03:04,188 - INFO - SUMMARY: avg adv=0.00 | avg def=9.35 | avg gain=9.35
2026-06-11 13:10:26,473 - INFO - NAC Fair: method=pure_la momentum=0.9
2026-06-11 13:10:26,473 - INFO - Namespace(evaluate=True, batch_size=64, num_workers=2, cache='./cache', test_set=['STL10'], test_attack_type='pgd', test_eps=0.01568627450980392, test_numsteps=10, test_stepsize=0.00392156862745098, model='clip', arch='vit_b32', method='null_patch', name='', prompt_size=30, add_prompt_size=0, root='F:/code/data', dataset='tinyImageNet', image_size=224, seed=0, victim_resume=None, outdir='./results/ablation', tau_thres=0.2, beta=2.0, ttc_eps=4.0, ttc_numsteps=2, ttc_stepsize=1.0, counterattack='pure_la', nac_momentum=0.9, DOC_eps=4.0, DOC_numsteps=2, DOC_stepsize=1.0, learnable_tau=0.155, temperature=75.0)
2026-06-11 13:10:28,377 - INFO - Counterattack: pure_la | Attack: pgd
2026-06-11 13:10:28,377 - INFO - tau_thres=0.2 beta=2.0
2026-06-11 13:14:37,573 - INFO - STL10: clean=96.67 | adv=0.00 | adv+pure_la=23.11 | gain=23.11
2026-06-11 13:14:37,573 - INFO - SUMMARY: avg adv=0.00 | avg def=23.11 | avg gain=23.11
2026-06-11 13:25:52,131 - INFO - NAC Fair: method=pure_la momentum=0.9
2026-06-11 13:25:52,131 - INFO - Namespace(evaluate=True, batch_size=64, num_workers=2, cache='./cache', test_set=['cifar10'], test_attack_type='pgd', test_eps=0.01568627450980392, test_numsteps=10, test_stepsize=0.00392156862745098, model='clip', arch='vit_b32', method='null_patch', name='', prompt_size=30, add_prompt_size=0, root='F:/code/data', dataset='tinyImageNet', image_size=224, seed=0, victim_resume=None, outdir='./results/ablation', tau_thres=0.2, beta=2.0, ttc_eps=4.0, ttc_numsteps=4, ttc_stepsize=1.0, counterattack='pure_la', nac_momentum=0.9, DOC_eps=4.0, DOC_numsteps=2, DOC_stepsize=1.0, learnable_tau=0.155, temperature=75.0)
2026-06-11 13:25:53,871 - INFO - Counterattack: pure_la | Attack: pgd
2026-06-11 13:25:53,871 - INFO - tau_thres=0.2 beta=2.0
2026-06-11 13:33:04,206 - INFO - cifar10: clean=84.89 | adv=0.00 | adv+pure_la=14.53 | gain=14.53
2026-06-11 13:33:04,207 - INFO - SUMMARY: avg adv=0.00 | avg def=14.53 | avg gain=14.53
2026-06-11 13:45:10,355 - INFO - NAC Fair: method=pure_la momentum=0.9
2026-06-11 13:45:10,355 - INFO - Namespace(evaluate=True, batch_size=64, num_workers=2, cache='./cache', test_set=['STL10'], test_attack_type='pgd', test_eps=0.01568627450980392, test_numsteps=10, test_stepsize=0.00392156862745098, model='clip', arch='vit_b32', method='null_patch', name='', prompt_size=30, add_prompt_size=0, root='F:/code/data', dataset='tinyImageNet', image_size=224, seed=0, victim_resume=None, outdir='./results/ablation', tau_thres=0.2, beta=2.0, ttc_eps=4.0, ttc_numsteps=4, ttc_stepsize=1.0, counterattack='pure_la', nac_momentum=0.9, DOC_eps=4.0, DOC_numsteps=2, DOC_stepsize=1.0, learnable_tau=0.155, temperature=75.0)
2026-06-11 13:45:12,281 - INFO - Counterattack: pure_la | Attack: pgd
2026-06-11 13:45:12,281 - INFO - tau_thres=0.2 beta=2.0
2026-06-11 13:51:36,253 - INFO - STL10: clean=96.67 | adv=0.00 | adv+pure_la=32.89 | gain=32.89
2026-06-11 13:51:36,253 - INFO - SUMMARY: avg adv=0.00 | avg def=32.89 | avg gain=32.89
