2026-05-30 23:31:13,458 - INFO - NAC Fair: method=ttc momentum=0.9
2026-05-30 23:31:13,458 - INFO - Namespace(evaluate=True, batch_size=32, num_workers=4, cache='./cache', test_set=['cifar10', 'STL10'], test_attack_type='pgd', test_eps=0.01568627450980392, test_numsteps=10, test_stepsize=0.00392156862745098, model='clip', arch='vit_b16', method='null_patch', name='', prompt_size=30, add_prompt_size=0, root='F:/code/data', dataset='tinyImageNet', image_size=224, seed=0, victim_resume=None, outdir='F:/code/nac_project/results/cross_model', tau_thres=0.2, beta=2.0, ttc_eps=4.0, ttc_numsteps=2, ttc_stepsize=1.0, counterattack='ttc', nac_momentum=0.9)
2026-05-30 23:31:23,375 - INFO - NAC Fair: method=ttc momentum=0.9
2026-05-30 23:31:23,375 - INFO - Namespace(evaluate=True, batch_size=64, num_workers=4, cache='./cache', test_set=['cifar10', 'STL10'], test_attack_type='pgd', test_eps=0.01568627450980392, test_numsteps=10, test_stepsize=0.00392156862745098, model='clip', arch='RN50', method='null_patch', name='', prompt_size=30, add_prompt_size=0, root='F:/code/data', dataset='tinyImageNet', image_size=224, seed=0, victim_resume=None, outdir='F:/code/nac_project/results/cross_model', tau_thres=0.2, beta=2.0, ttc_eps=4.0, ttc_numsteps=2, ttc_stepsize=1.0, counterattack='ttc', nac_momentum=0.9)
2026-05-30 23:31:28,468 - INFO - Counterattack: ttc_original | Attack: pgd
2026-05-30 23:31:28,468 - INFO - tau_thres=0.2 beta=2.0
2026-05-30 23:31:58,639 - INFO - NAC Fair: method=ttc momentum=0.9
2026-05-30 23:31:58,639 - INFO - Namespace(evaluate=True, batch_size=32, num_workers=4, cache='./cache', test_set=['cifar10', 'STL10'], test_attack_type='pgd', test_eps=0.01568627450980392, test_numsteps=10, test_stepsize=0.00392156862745098, model='clip', arch='vit_b16', method='null_patch', name='', prompt_size=30, add_prompt_size=0, root='F:/code/data', dataset='tinyImageNet', image_size=224, seed=0, victim_resume=None, outdir='F:/code/nac_project/results/cross_model', tau_thres=0.2, beta=2.0, ttc_eps=4.0, ttc_numsteps=2, ttc_stepsize=1.0, counterattack='ttc', nac_momentum=0.9)
2026-05-30 23:32:00,349 - INFO - Counterattack: ttc_original | Attack: pgd
2026-05-30 23:32:00,350 - INFO - tau_thres=0.2 beta=2.0
2026-05-30 23:33:14,533 - INFO - NAC Fair: method=ttc momentum=0.9
2026-05-30 23:33:14,541 - INFO - Namespace(evaluate=True, batch_size=32, num_workers=2, cache='./cache', test_set=['cifar10'], test_attack_type='pgd', test_eps=0.01568627450980392, test_numsteps=10, test_stepsize=0.00392156862745098, model='clip', arch='vit_b16', method='null_patch', name='', prompt_size=30, add_prompt_size=0, root='F:/code/data', dataset='tinyImageNet', image_size=224, seed=0, victim_resume=None, outdir='F:/code/nac_project/results/cross_model', tau_thres=0.2, beta=2.0, ttc_eps=4.0, ttc_numsteps=2, ttc_stepsize=1.0, counterattack='ttc', nac_momentum=0.9)
2026-05-30 23:33:20,058 - INFO - Counterattack: ttc_original | Attack: pgd
2026-05-30 23:33:20,058 - INFO - tau_thres=0.2 beta=2.0
2026-05-30 23:50:22,569 - INFO - cifar10: clean=87.24 | adv=0.00 | adv+ttc_original=8.51 | gain=8.51
2026-05-30 23:50:22,569 - INFO - SUMMARY: avg adv=0.00 | avg def=8.51 | avg gain=8.51
2026-05-31 00:41:35,250 - INFO - NAC Fair: method=ttc momentum=0.9
2026-05-31 00:41:35,250 - INFO - Namespace(evaluate=True, batch_size=64, num_workers=4, cache='./cache', test_set=['cifar10', 'STL10'], test_attack_type='pgd', test_eps=0.01568627450980392, test_numsteps=10, test_stepsize=0.00392156862745098, model='clip', arch='RN50', method='null_patch', name='', prompt_size=30, add_prompt_size=0, root='F:/code/data', dataset='tinyImageNet', image_size=224, seed=0, victim_resume=None, outdir='F:/code/nac_project/results/cross_model', tau_thres=0.2, beta=2.0, ttc_eps=4.0, ttc_numsteps=2, ttc_stepsize=1.0, counterattack='ttc', nac_momentum=0.9)
2026-05-31 00:41:40,654 - INFO - Counterattack: ttc_original | Attack: pgd
2026-05-31 00:41:40,654 - INFO - tau_thres=0.2 beta=2.0
2026-05-31 01:32:17,182 - INFO - NAC Fair: method=ttc momentum=0.9
2026-05-31 01:32:17,208 - INFO - Namespace(evaluate=True, batch_size=32, num_workers=4, cache='./cache', test_set=['STL10'], test_attack_type='pgd', test_eps=0.01568627450980392, test_numsteps=10, test_stepsize=0.00392156862745098, model='clip', arch='vit_b16', method='null_patch', name='', prompt_size=30, add_prompt_size=0, root='F:/code/data', dataset='tinyImageNet', image_size=224, seed=0, victim_resume=None, outdir='F:/code/nac_project/results/cross_model', tau_thres=0.2, beta=2.0, ttc_eps=4.0, ttc_numsteps=2, ttc_stepsize=1.0, counterattack='ttc', nac_momentum=0.9)
2026-05-31 01:32:23,273 - INFO - Counterattack: ttc_original | Attack: pgd
2026-05-31 01:32:23,273 - INFO - tau_thres=0.2 beta=2.0
2026-05-31 01:47:16,854 - INFO - STL10: clean=97.71 | adv=0.00 | adv+ttc_original=24.64 | gain=24.64
2026-05-31 01:47:16,854 - INFO - SUMMARY: avg adv=0.00 | avg def=24.64 | avg gain=24.64
2026-05-31 01:47:21,554 - INFO - NAC Fair: method=ttc momentum=0.9
2026-05-31 01:47:21,554 - INFO - Namespace(evaluate=True, batch_size=64, num_workers=4, cache='./cache', test_set=['cifar10', 'STL10'], test_attack_type='pgd', test_eps=0.01568627450980392, test_numsteps=10, test_stepsize=0.00392156862745098, model='clip', arch='RN50', method='null_patch', name='', prompt_size=30, add_prompt_size=0, root='F:/code/data', dataset='tinyImageNet', image_size=224, seed=0, victim_resume=None, outdir='F:/code/nac_project/results/cross_model', tau_thres=0.2, beta=2.0, ttc_eps=4.0, ttc_numsteps=2, ttc_stepsize=1.0, counterattack='ttc', nac_momentum=0.9)
2026-05-31 01:47:27,261 - INFO - Counterattack: ttc_original | Attack: pgd
2026-05-31 01:47:27,261 - INFO - tau_thres=0.2 beta=2.0
2026-05-31 10:44:13,937 - INFO - NAC Fair: method=ttc momentum=0.9
2026-05-31 10:44:13,938 - INFO - Namespace(evaluate=True, batch_size=64, num_workers=4, cache='./cache', test_set=['cifar10', 'STL10'], test_attack_type='pgd', test_eps=0.01568627450980392, test_numsteps=10, test_stepsize=0.00392156862745098, model='clip', arch='RN50', method='null_patch', name='', prompt_size=30, add_prompt_size=0, root='F:/code/data', dataset='tinyImageNet', image_size=224, seed=0, victim_resume=None, outdir='F:/code/nac_project/results/cross_model', tau_thres=0.2, beta=2.0, ttc_eps=4.0, ttc_numsteps=2, ttc_stepsize=1.0, counterattack='ttc', nac_momentum=0.9)
2026-05-31 10:44:15,436 - INFO - Counterattack: ttc_original | Attack: pgd
2026-05-31 10:44:15,436 - INFO - tau_thres=0.2 beta=2.0
2026-05-31 10:45:39,404 - INFO - NAC Fair: method=ttc momentum=0.9
2026-05-31 10:45:39,404 - INFO - Namespace(evaluate=True, batch_size=64, num_workers=2, cache='./cache', test_set=['cifar10'], test_attack_type='pgd', test_eps=0.01568627450980392, test_numsteps=10, test_stepsize=0.00392156862745098, model='clip', arch='RN50', method='null_patch', name='', prompt_size=30, add_prompt_size=0, root='F:/code/data', dataset='tinyImageNet', image_size=224, seed=0, victim_resume=None, outdir='F:/code/nac_project/results/cross_model', tau_thres=0.2, beta=2.0, ttc_eps=4.0, ttc_numsteps=2, ttc_stepsize=1.0, counterattack='ttc', nac_momentum=0.9)
2026-05-31 10:45:40,839 - INFO - Counterattack: ttc_original | Attack: pgd
2026-05-31 10:45:40,839 - INFO - tau_thres=0.2 beta=2.0
2026-05-31 11:13:40,604 - INFO - NAC Fair: method=ttc momentum=0.9
2026-05-31 11:13:40,604 - INFO - Namespace(evaluate=True, batch_size=64, num_workers=4, cache='./cache', test_set=['cifar10', 'STL10'], test_attack_type='pgd', test_eps=0.01568627450980392, test_numsteps=10, test_stepsize=0.00392156862745098, model='clip', arch='RN50', method='null_patch', name='', prompt_size=30, add_prompt_size=0, root='F:/code/data', dataset='tinyImageNet', image_size=224, seed=0, victim_resume=None, outdir='F:/code/nac_project/results/cross_model', tau_thres=0.2, beta=2.0, ttc_eps=4.0, ttc_numsteps=2, ttc_stepsize=1.0, counterattack='ttc', nac_momentum=0.9)
2026-05-31 11:13:46,052 - INFO - Counterattack: ttc_original | Attack: pgd
2026-05-31 11:13:46,052 - INFO - tau_thres=0.2 beta=2.0
2026-05-31 11:24:05,131 - INFO - cifar10: clean=65.58 | adv=0.00 | adv+ttc_original=0.00 | gain=0.00
2026-05-31 11:37:32,286 - INFO - STL10: clean=92.79 | adv=0.01 | adv+ttc_original=0.23 | gain=0.21
2026-05-31 11:37:32,311 - INFO - SUMMARY: avg adv=0.01 | avg def=0.11 | avg gain=0.11
