2026-05-30 23:31:18,719 - INFO - NAC Fair: method=nac momentum=0.9
2026-05-30 23:31:18,719 - INFO - Namespace(evaluate=True, batch_size=32, num_workers=4, cache='./cache', test_set=['cifar10', 'STL10'], test_attack_type='pgd', test_eps=0.01568627450980392, test_numsteps=10, test_stepsize=0.00392156862745098, model='clip', arch='vit_b16', method='null_patch', name='', prompt_size=30, add_prompt_size=0, root='F:/code/data', dataset='tinyImageNet', image_size=224, seed=0, victim_resume=None, outdir='F:/code/nac_project/results/cross_model', tau_thres=0.2, beta=2.0, ttc_eps=4.0, ttc_numsteps=2, ttc_stepsize=1.0, counterattack='nac', nac_momentum=0.9)
2026-05-31 00:09:20,149 - INFO - NAC Fair: method=nac momentum=0.9
2026-05-31 00:09:20,149 - INFO - Namespace(evaluate=True, batch_size=32, num_workers=4, cache='./cache', test_set=['cifar10', 'STL10'], test_attack_type='pgd', test_eps=0.01568627450980392, test_numsteps=10, test_stepsize=0.00392156862745098, model='clip', arch='vit_b16', method='null_patch', name='', prompt_size=30, add_prompt_size=0, root='F:/code/data', dataset='tinyImageNet', image_size=224, seed=0, victim_resume=None, outdir='F:/code/nac_project/results/cross_model', tau_thres=0.2, beta=2.0, ttc_eps=4.0, ttc_numsteps=2, ttc_stepsize=1.0, counterattack='nac', nac_momentum=0.9)
2026-05-31 00:09:21,804 - INFO - Counterattack: nac_m0.9 | Attack: pgd
2026-05-31 00:09:21,804 - INFO - tau_thres=0.2 beta=2.0
2026-05-31 00:26:31,763 - INFO - cifar10: clean=87.24 | adv=0.00 | adv+nac_m0.9=14.66 | gain=14.66
2026-05-31 00:41:30,073 - INFO - STL10: clean=97.71 | adv=0.00 | adv+nac_m0.9=41.02 | gain=41.02
2026-05-31 00:41:30,073 - INFO - SUMMARY: avg adv=0.00 | avg def=27.84 | avg gain=27.84
2026-05-31 00:42:10,273 - INFO - NAC Fair: method=nac momentum=0.9
2026-05-31 00:42:10,273 - INFO - Namespace(evaluate=True, batch_size=64, num_workers=4, cache='./cache', test_set=['cifar10', 'STL10'], test_attack_type='pgd', test_eps=0.01568627450980392, test_numsteps=10, test_stepsize=0.00392156862745098, model='clip', arch='RN50', method='null_patch', name='', prompt_size=30, add_prompt_size=0, root='F:/code/data', dataset='tinyImageNet', image_size=224, seed=0, victim_resume=None, outdir='F:/code/nac_project/results/cross_model', tau_thres=0.2, beta=2.0, ttc_eps=4.0, ttc_numsteps=2, ttc_stepsize=1.0, counterattack='nac', nac_momentum=0.9)
2026-05-31 00:42:15,720 - INFO - Counterattack: nac_m0.9 | Attack: pgd
2026-05-31 00:42:15,720 - INFO - tau_thres=0.2 beta=2.0
2026-05-31 01:47:59,921 - INFO - NAC Fair: method=nac momentum=0.9
2026-05-31 01:47:59,931 - INFO - Namespace(evaluate=True, batch_size=64, num_workers=4, cache='./cache', test_set=['cifar10', 'STL10'], test_attack_type='pgd', test_eps=0.01568627450980392, test_numsteps=10, test_stepsize=0.00392156862745098, model='clip', arch='RN50', method='null_patch', name='', prompt_size=30, add_prompt_size=0, root='F:/code/data', dataset='tinyImageNet', image_size=224, seed=0, victim_resume=None, outdir='F:/code/nac_project/results/cross_model', tau_thres=0.2, beta=2.0, ttc_eps=4.0, ttc_numsteps=2, ttc_stepsize=1.0, counterattack='nac', nac_momentum=0.9)
2026-05-31 01:48:05,486 - INFO - Counterattack: nac_m0.9 | Attack: pgd
2026-05-31 01:48:05,487 - INFO - tau_thres=0.2 beta=2.0
2026-05-31 10:44:34,142 - INFO - NAC Fair: method=nac momentum=0.9
2026-05-31 10:44:34,150 - INFO - Namespace(evaluate=True, batch_size=64, num_workers=4, cache='./cache', test_set=['cifar10', 'STL10'], test_attack_type='pgd', test_eps=0.01568627450980392, test_numsteps=10, test_stepsize=0.00392156862745098, model='clip', arch='RN50', method='null_patch', name='', prompt_size=30, add_prompt_size=0, root='F:/code/data', dataset='tinyImageNet', image_size=224, seed=0, victim_resume=None, outdir='F:/code/nac_project/results/cross_model', tau_thres=0.2, beta=2.0, ttc_eps=4.0, ttc_numsteps=2, ttc_stepsize=1.0, counterattack='nac', nac_momentum=0.9)
2026-05-31 10:44:35,571 - INFO - Counterattack: nac_m0.9 | Attack: pgd
2026-05-31 10:44:35,572 - INFO - tau_thres=0.2 beta=2.0
2026-05-31 11:37:37,195 - INFO - NAC Fair: method=nac momentum=0.9
2026-05-31 11:37:37,199 - INFO - Namespace(evaluate=True, batch_size=64, num_workers=4, cache='./cache', test_set=['cifar10', 'STL10'], test_attack_type='pgd', test_eps=0.01568627450980392, test_numsteps=10, test_stepsize=0.00392156862745098, model='clip', arch='RN50', method='null_patch', name='', prompt_size=30, add_prompt_size=0, root='F:/code/data', dataset='tinyImageNet', image_size=224, seed=0, victim_resume=None, outdir='F:/code/nac_project/results/cross_model', tau_thres=0.2, beta=2.0, ttc_eps=4.0, ttc_numsteps=2, ttc_stepsize=1.0, counterattack='nac', nac_momentum=0.9)
2026-05-31 11:37:42,310 - INFO - Counterattack: nac_m0.9 | Attack: pgd
2026-05-31 11:37:42,310 - INFO - tau_thres=0.2 beta=2.0
2026-05-31 12:07:11,062 - INFO - cifar10: clean=65.58 | adv=0.00 | adv+nac_m0.9=0.00 | gain=0.00
2026-05-31 12:14:51,757 - INFO - STL10: clean=92.79 | adv=0.01 | adv+nac_m0.9=0.29 | gain=0.27
2026-05-31 12:14:51,757 - INFO - SUMMARY: avg adv=0.01 | avg def=0.14 | avg gain=0.14
