2026-06-01 01:11:55,003 - INFO - NAC Fair: method=ttc momentum=0.9
2026-06-01 01:11:55,005 - INFO - Namespace(evaluate=True, batch_size=32, num_workers=2, cache='./cache', test_set=['cifar10', 'STL10'], test_attack_type='pgd', test_eps=0.01568627450980392, test_numsteps=10, test_stepsize=0.00392156862745098, model='clip', arch='vit_b32', method='null_patch', name='', prompt_size=30, add_prompt_size=0, root='F:/code/data', dataset='tinyImageNet', image_size=224, seed=0, victim_resume=None, outdir='F:/code/nac_project/results/final', tau_thres=0.2, beta=2.0, ttc_eps=4.0, ttc_numsteps=4, ttc_stepsize=1.0, counterattack='ttc', nac_momentum=0.9)
2026-06-01 01:11:56,883 - INFO - Counterattack: ttc_original | Attack: pgd
2026-06-01 01:11:56,883 - INFO - tau_thres=0.2 beta=2.0
2026-06-01 04:20:28,287 - INFO - NAC Fair: method=ttc momentum=0.9
2026-06-01 04:20:28,287 - INFO - Namespace(evaluate=True, batch_size=64, num_workers=4, cache='./cache', test_set=['cifar10', 'STL10'], test_attack_type='pgd', test_eps=0.01568627450980392, test_numsteps=10, test_stepsize=0.00392156862745098, model='clip', arch='vit_b32', method='null_patch', name='', prompt_size=30, add_prompt_size=0, root='F:/code/data', dataset='tinyImageNet', image_size=224, seed=0, victim_resume=None, outdir='F:/code/nac_project/results/final', tau_thres=0.2, beta=2.0, ttc_eps=4.0, ttc_numsteps=4, ttc_stepsize=1.0, counterattack='ttc', nac_momentum=0.9)
2026-06-01 04:20:30,132 - INFO - Counterattack: ttc_original | Attack: pgd
2026-06-01 04:20:30,132 - INFO - tau_thres=0.2 beta=2.0
2026-06-01 04:20:30,733 - INFO - NAC Fair: method=ttc momentum=0.9
2026-06-01 04:20:30,733 - INFO - Namespace(evaluate=True, batch_size=64, num_workers=4, cache='./cache', test_set=['cifar10', 'STL10'], test_attack_type='pgd', test_eps=0.01568627450980392, test_numsteps=10, test_stepsize=0.00392156862745098, model='clip', arch='vit_b32', method='null_patch', name='', prompt_size=30, add_prompt_size=0, root='F:/code/data', dataset='tinyImageNet', image_size=224, seed=0, victim_resume=None, outdir='F:/code/nac_project/results/final', tau_thres=0.2, beta=2.0, ttc_eps=4.0, ttc_numsteps=4, ttc_stepsize=1.0, counterattack='ttc', nac_momentum=0.9)
2026-06-01 04:20:32,462 - INFO - Counterattack: ttc_original | Attack: pgd
2026-06-01 04:20:32,462 - INFO - tau_thres=0.2 beta=2.0
2026-06-01 04:21:39,530 - INFO - NAC Fair: method=ttc momentum=0.9
2026-06-01 04:21:39,530 - INFO - Namespace(evaluate=True, batch_size=64, num_workers=4, cache='./cache', test_set=['cifar10', 'STL10'], test_attack_type='pgd', test_eps=0.01568627450980392, test_numsteps=10, test_stepsize=0.00392156862745098, model='clip', arch='vit_b32', method='null_patch', name='', prompt_size=30, add_prompt_size=0, root='F:/code/data', dataset='tinyImageNet', image_size=224, seed=0, victim_resume=None, outdir='F:/code/nac_project/results/final', tau_thres=0.2, beta=2.0, ttc_eps=4.0, ttc_numsteps=4, ttc_stepsize=1.0, counterattack='ttc', nac_momentum=0.9)
2026-06-01 04:21:41,350 - INFO - Counterattack: ttc_original | Attack: pgd
2026-06-01 04:21:41,350 - INFO - tau_thres=0.2 beta=2.0
2026-06-01 04:22:37,081 - INFO - NAC Fair: method=ttc momentum=0.9
2026-06-01 04:22:37,081 - INFO - Namespace(evaluate=True, batch_size=64, num_workers=4, cache='./cache', test_set=['cifar10', 'STL10'], test_attack_type='pgd', test_eps=0.01568627450980392, test_numsteps=10, test_stepsize=0.00392156862745098, model='clip', arch='vit_b32', method='null_patch', name='', prompt_size=30, add_prompt_size=0, root='F:/code/data', dataset='tinyImageNet', image_size=224, seed=0, victim_resume=None, outdir='F:/code/nac_project/results/final', tau_thres=0.2, beta=2.0, ttc_eps=4.0, ttc_numsteps=4, ttc_stepsize=1.0, counterattack='ttc', nac_momentum=0.9)
2026-06-01 04:22:38,981 - INFO - Counterattack: ttc_original | Attack: pgd
2026-06-01 04:22:38,981 - INFO - tau_thres=0.2 beta=2.0
2026-06-01 04:34:04,498 - INFO - cifar10: clean=84.89 | adv=0.00 | adv+ttc_original=25.37 | gain=25.37
2026-06-01 04:43:17,340 - INFO - STL10: clean=96.67 | adv=0.00 | adv+ttc_original=48.29 | gain=48.29
2026-06-01 04:43:17,354 - INFO - SUMMARY: avg adv=0.00 | avg def=36.83 | avg gain=36.83
