2026-06-07 15:45:19,456 - INFO - NAC Fair: method=nac momentum=0.5
2026-06-07 15:45:19,456 - INFO - Namespace(evaluate=True, batch_size=32, num_workers=2, cache='./cache', test_set=['cifar10'], test_attack_type='pgd', test_eps=0.01568627450980392, test_numsteps=10, test_stepsize=0.00392156862745098, model='clip', arch='vit_b32', method='null_patch', name='', prompt_size=30, add_prompt_size=0, root='F:/code/data', dataset='tinyImageNet', image_size=224, seed=0, victim_resume=None, outdir='./results/mu_scan', tau_thres=0.2, beta=2.0, ttc_eps=4.0, ttc_numsteps=5, ttc_stepsize=1.0, counterattack='nac', nac_momentum=0.5, DOC_eps=4.0, DOC_numsteps=2, DOC_stepsize=1.0, learnable_tau=0.155, temperature=75.0)
2026-06-07 15:45:21,459 - INFO - Counterattack: nac_m0.5 | Attack: pgd
2026-06-07 15:45:21,467 - INFO - tau_thres=0.2 beta=2.0
2026-06-07 15:58:16,214 - INFO - cifar10: clean=84.89 | adv=0.00 | adv+nac_m0.5=34.28 | gain=34.28
2026-06-07 15:58:16,214 - INFO - SUMMARY: avg adv=0.00 | avg def=34.28 | avg gain=34.28
2026-06-07 16:28:47,818 - INFO - NAC Fair: method=nac momentum=0.5
2026-06-07 16:28:47,818 - INFO - Namespace(evaluate=True, batch_size=32, num_workers=2, cache='./cache', test_set=['cifar10'], test_attack_type='pgd', test_eps=0.01568627450980392, test_numsteps=10, test_stepsize=0.00392156862745098, model='clip', arch='vit_b32', method='null_patch', name='', prompt_size=30, add_prompt_size=0, root='F:/code/data', dataset='tinyImageNet', image_size=224, seed=0, victim_resume=None, outdir='./results/mu_scan', tau_thres=0.2, beta=2.0, ttc_eps=4.0, ttc_numsteps=5, ttc_stepsize=1.0, counterattack='nac', nac_momentum=0.5, DOC_eps=4.0, DOC_numsteps=2, DOC_stepsize=1.0, learnable_tau=0.155, temperature=75.0)
2026-06-07 16:28:53,875 - INFO - Counterattack: nac_m0.5 | Attack: pgd
2026-06-07 16:28:53,876 - INFO - tau_thres=0.2 beta=2.0
2026-06-07 16:42:35,413 - INFO - cifar10: clean=84.89 | adv=0.00 | adv+nac_m0.5=34.28 | gain=34.28
2026-06-07 16:42:35,414 - INFO - SUMMARY: avg adv=0.00 | avg def=34.28 | avg gain=34.28
2026-06-07 17:08:33,640 - INFO - NAC Fair: method=nac momentum=0.5
2026-06-07 17:08:33,640 - INFO - Namespace(evaluate=True, batch_size=32, num_workers=2, cache='./cache', test_set=['cifar10'], test_attack_type='pgd', test_eps=0.01568627450980392, test_numsteps=5, test_stepsize=0.00392156862745098, model='clip', arch='vit_b32', method='null_patch', name='', prompt_size=30, add_prompt_size=0, root='F:/code/data', dataset='tinyImageNet', image_size=224, seed=0, victim_resume=None, outdir='./results/mu_scan', tau_thres=0.2, beta=2.0, ttc_eps=4.0, ttc_numsteps=2, ttc_stepsize=1.0, counterattack='nac', nac_momentum=0.5, DOC_eps=4.0, DOC_numsteps=2, DOC_stepsize=1.0, learnable_tau=0.155, temperature=75.0)
2026-06-07 17:08:40,786 - INFO - Counterattack: nac_m0.5 | Attack: pgd
2026-06-07 17:08:40,788 - INFO - tau_thres=0.2 beta=2.0
2026-06-07 17:32:13,367 - INFO - NAC Fair: method=nac momentum=0.5
2026-06-07 17:32:13,367 - INFO - Namespace(evaluate=True, batch_size=32, num_workers=2, cache='./cache', test_set=['cifar10'], test_attack_type='pgd', test_eps=0.01568627450980392, test_numsteps=10, test_stepsize=0.00392156862745098, model='clip', arch='vit_b32', method='null_patch', name='', prompt_size=30, add_prompt_size=0, root='F:/code/data', dataset='tinyImageNet', image_size=224, seed=0, victim_resume=None, outdir='./results/mu_scan', tau_thres=0.2, beta=2.0, ttc_eps=4.0, ttc_numsteps=2, ttc_stepsize=1.0, counterattack='nac', nac_momentum=0.5, DOC_eps=4.0, DOC_numsteps=2, DOC_stepsize=1.0, learnable_tau=0.155, temperature=75.0)
2026-06-07 17:32:19,658 - INFO - Counterattack: nac_m0.5 | Attack: pgd
2026-06-07 17:32:19,659 - INFO - tau_thres=0.2 beta=2.0
2026-06-07 17:43:19,811 - INFO - cifar10: clean=84.89 | adv=0.00 | adv+nac_m0.5=12.32 | gain=12.32
2026-06-07 17:43:19,811 - INFO - SUMMARY: avg adv=0.00 | avg def=12.32 | avg gain=12.32
