2026-06-07 15:31:15,232 - INFO - NAC Fair: method=nac momentum=0.1
2026-06-07 15:31:15,232 - INFO - Namespace(evaluate=True, batch_size=32, num_workers=2, cache='./cache', test_set=['cifar10'], test_attack_type='pgd', test_eps=0.01568627450980392, test_numsteps=10, test_stepsize=0.00392156862745098, model='clip', arch='vit_b32', method='null_patch', name='', prompt_size=30, add_prompt_size=0, root='F:/code/data', dataset='tinyImageNet', image_size=224, seed=0, victim_resume=None, outdir='./results/mu_scan', tau_thres=0.2, beta=2.0, ttc_eps=4.0, ttc_numsteps=5, ttc_stepsize=1.0, counterattack='nac', nac_momentum=0.1, DOC_eps=4.0, DOC_numsteps=2, DOC_stepsize=1.0, learnable_tau=0.155, temperature=75.0)
2026-06-07 15:31:20,440 - INFO - Counterattack: nac_m0.1 | Attack: pgd
2026-06-07 15:31:20,442 - INFO - tau_thres=0.2 beta=2.0
2026-06-07 15:45:14,330 - INFO - cifar10: clean=84.89 | adv=0.00 | adv+nac_m0.1=29.11 | gain=29.11
2026-06-07 15:45:14,335 - INFO - SUMMARY: avg adv=0.00 | avg def=29.11 | avg gain=29.11
2026-06-07 16:14:34,291 - INFO - NAC Fair: method=nac momentum=0.1
2026-06-07 16:14:34,291 - INFO - Namespace(evaluate=True, batch_size=32, num_workers=2, cache='./cache', test_set=['cifar10'], test_attack_type='pgd', test_eps=0.01568627450980392, test_numsteps=10, test_stepsize=0.00392156862745098, model='clip', arch='vit_b32', method='null_patch', name='', prompt_size=30, add_prompt_size=0, root='F:/code/data', dataset='tinyImageNet', image_size=224, seed=0, victim_resume=None, outdir='./results/mu_scan', tau_thres=0.2, beta=2.0, ttc_eps=4.0, ttc_numsteps=5, ttc_stepsize=1.0, counterattack='nac', nac_momentum=0.1, DOC_eps=4.0, DOC_numsteps=2, DOC_stepsize=1.0, learnable_tau=0.155, temperature=75.0)
2026-06-07 16:14:40,099 - INFO - Counterattack: nac_m0.1 | Attack: pgd
2026-06-07 16:14:40,099 - INFO - tau_thres=0.2 beta=2.0
2026-06-07 16:28:43,376 - INFO - cifar10: clean=84.89 | adv=0.00 | adv+nac_m0.1=29.11 | gain=29.11
2026-06-07 16:28:43,377 - INFO - SUMMARY: avg adv=0.00 | avg def=29.11 | avg gain=29.11
2026-06-07 17:00:50,541 - INFO - NAC Fair: method=nac momentum=0.1
2026-06-07 17:00:50,541 - INFO - Namespace(evaluate=True, batch_size=32, num_workers=2, cache='./cache', test_set=['cifar10'], test_attack_type='pgd', test_eps=0.01568627450980392, test_numsteps=5, test_stepsize=0.00392156862745098, model='clip', arch='vit_b32', method='null_patch', name='', prompt_size=30, add_prompt_size=0, root='F:/code/data', dataset='tinyImageNet', image_size=224, seed=0, victim_resume=None, outdir='./results/mu_scan', tau_thres=0.2, beta=2.0, ttc_eps=4.0, ttc_numsteps=2, ttc_stepsize=1.0, counterattack='nac', nac_momentum=0.1, DOC_eps=4.0, DOC_numsteps=2, DOC_stepsize=1.0, learnable_tau=0.155, temperature=75.0)
2026-06-07 17:00:57,404 - INFO - Counterattack: nac_m0.1 | Attack: pgd
2026-06-07 17:00:57,405 - INFO - tau_thres=0.2 beta=2.0
2026-06-07 17:08:28,750 - INFO - cifar10: clean=84.89 | adv=0.02 | adv+nac_m0.1=11.09 | gain=11.07
2026-06-07 17:08:28,751 - INFO - SUMMARY: avg adv=0.02 | avg def=11.09 | avg gain=11.07
2026-06-07 17:20:50,605 - INFO - NAC Fair: method=nac momentum=0.1
2026-06-07 17:20:50,605 - INFO - Namespace(evaluate=True, batch_size=32, num_workers=2, cache='./cache', test_set=['cifar10'], test_attack_type='pgd', test_eps=0.01568627450980392, test_numsteps=10, test_stepsize=0.00392156862745098, model='clip', arch='vit_b32', method='null_patch', name='', prompt_size=30, add_prompt_size=0, root='F:/code/data', dataset='tinyImageNet', image_size=224, seed=0, victim_resume=None, outdir='./results/mu_scan', tau_thres=0.2, beta=2.0, ttc_eps=4.0, ttc_numsteps=2, ttc_stepsize=1.0, counterattack='nac', nac_momentum=0.1, DOC_eps=4.0, DOC_numsteps=2, DOC_stepsize=1.0, learnable_tau=0.155, temperature=75.0)
2026-06-07 17:20:52,216 - INFO - Counterattack: nac_m0.1 | Attack: pgd
2026-06-07 17:20:52,217 - INFO - tau_thres=0.2 beta=2.0
2026-06-07 17:32:06,954 - INFO - cifar10: clean=84.89 | adv=0.00 | adv+nac_m0.1=8.14 | gain=8.14
2026-06-07 17:32:06,955 - INFO - SUMMARY: avg adv=0.00 | avg def=8.14 | avg gain=8.14
